// Jest Snapshot v1, https://goo.gl/fbAQLP

exports[`AboutUs component renders the A heading 1`] = `ShallowWrapper {}`;
