// Jest Snapshot v1, https://goo.gl/fbAQLP

exports[`App component renders the app in the page 1`] = `ShallowWrapper {}`;
